// Jest Snapshot v1, https://goo.gl/fbAQLP

exports[`LayerStyleItem component renders correctly with no data 1`] = `
<li
  className="layer-styles-carousel--list-item"
  onClick={[Function]}
/>
`;
