// Jest Snapshot v1, https://goo.gl/fbAQLP

exports[`componente renderiza corretamente 1`] = `
<div
  className="chart"
/>
`;
