// Jest Snapshot v1, https://goo.gl/fbAQLP

exports[`SidebarLeft component renders correctly with no data 1`] = `<_class />`;

exports[`SidebarLeft component renders correctly with real data -> menu open 1`] = `<_class />`;
